linked-news titles: 598133  (111s)
tokenized 598133 titles, events from 170623 (28.5%)  (258s)
(ticker,news) links: 671081
KR vocab: 31049
w2v pairs: 24501942
subsampled w2v pairs to 8000000
  w2v epoch 1/4 loss=2.2545 (791s)
  w2v epoch 2/4 loss=2.1274 (909s)
  w2v epoch 3/4 loss=2.1024 (1009s)
  w2v epoch 4/4 loss=2.0975 (1111s)
KR w2v done (1111s)
  NTN epoch 1/10 loss=2.919 (1156s)
  NTN epoch 4/10 loss=3.287 (1241s)
  NTN epoch 7/10 loss=2.904 (1334s)
  NTN epoch 10/10 loss=3.816 (1419s)
KR NTN done, event embs=166252 (1427s)
small-cap samples: 147183  with short-event: 3.4%  (1512s)

KR SMALL-CAP EB-CNN (IE->NTN->CNN, no sentiment): test_acc=0.5624 mcc=-0.0036 baseline=0.5624 n=59678
  selective top 20%: acc=0.5606 (n=45089)
  selective top 10%: acc=0.5606 (n=45089)
  selective top 5%: acc=0.5606 (n=45089)
