ohlcv 303788 rows, small-cap half 313 tickers  (1s)
usable links 131866, fresh 62.3%  (1s)
buckets: overnight 22554, info 32742  (2s)
samples 144229  overnight 1.3%  any 22.1%  (8s)
train 16628 dev 2359 test 12833  (10s)

=== HIGH target k=2%  (train hit-rate 0.3164) ===
    [VOL-LR   | all-event test] n=12833 base(hit-rate)=0.3193 acc=0.7144 mcc=+0.2602
       top30% conf: hit-rate=0.5368 (vs base 0.3193, p=1.7e-170)  pnl/trade=-0.599% | SL-3%: -1.201%  n=3849
       top20% conf: hit-rate=0.5814 (vs base 0.3193, p=5.9e-164)  pnl/trade=-0.650% | SL-3%: -1.405%  n=2566
       top10% conf: hit-rate=0.6563 (vs base 0.3193, p=7.4e-135)  pnl/trade=-0.644% | SL-3%: -1.649%  n=1283
       top 5% conf: hit-rate=0.7239 (vs base 0.3193, p=1.1e-97)  pnl/trade=-0.676% | SL-3%: -1.906%  n=641
    [VOL-LR   | overnight-news test] n=749 base(hit-rate)=0.3712 acc=0.6903 mcc=+0.2902
       top30% conf: hit-rate=0.6116 (vs base 0.3712, p=2.7e-13)  pnl/trade=-0.513% | SL-3%: -1.383%  n=224
       top20% conf: hit-rate=0.6443 (vs base 0.3712, p=1.3e-11)  pnl/trade=-0.731% | SL-3%: -1.795%  n=149
       top10% conf: hit-rate=0.8378 (vs base 0.3712, p=1.9e-16)  pnl/trade=-0.568% | SL-3%: -2.084%  n=74
       top 5% conf: hit-rate=0.8649 (vs base 0.3712, p=7.9e-10)  pnl/trade=-0.146% | SL-3%: -1.949%  n=37
    [EB-CNN   | all-event test] n=12833 base(hit-rate)=0.3193 acc=0.6789 mcc=+0.0594
       top30% conf: hit-rate=0.3255 (vs base 0.3193, p=2.1e-01)  pnl/trade=-0.475% | SL-3%: -0.772%  n=3849
       top20% conf: hit-rate=0.3504 (vs base 0.3193, p=4.3e-04)  pnl/trade=-0.479% | SL-3%: -0.836%  n=2566
       top10% conf: hit-rate=0.4006 (vs base 0.3193, p=5.1e-10)  pnl/trade=-0.524% | SL-3%: -0.976%  n=1283
       top 5% conf: hit-rate=0.4368 (vs base 0.3193, p=3.1e-10)  pnl/trade=-0.542% | SL-3%: -1.021%  n=641
    [EB-CNN   | overnight-news test] n=749 base(hit-rate)=0.3712 acc=0.6422 mcc=+0.1249
       top30% conf: hit-rate=0.4420 (vs base 0.3712, p=1.8e-02)  pnl/trade=-0.331% | SL-3%: -0.930%  n=224
       top20% conf: hit-rate=0.4899 (vs base 0.3712, p=2.0e-03)  pnl/trade=-0.219% | SL-3%: -0.984%  n=149
       top10% conf: hit-rate=0.5541 (vs base 0.3712, p=1.0e-03)  pnl/trade=-0.034% | SL-3%: -1.206%  n=74
       top 5% conf: hit-rate=0.6486 (vs base 0.3712, p=5.7e-04)  pnl/trade=+0.052% | SL-3%: -1.466%  n=37
    [STACK    | all-event test] n=12833 base(hit-rate)=0.3193 acc=0.6929 mcc=+0.1454
       top30% conf: hit-rate=0.4965 (vs base 0.3193, p=5.5e-115)  pnl/trade=-0.596% | SL-3%: -1.159%  n=3849
       top20% conf: hit-rate=0.5511 (vs base 0.3193, p=3.0e-129)  pnl/trade=-0.644% | SL-3%: -1.357%  n=2566
       top10% conf: hit-rate=0.6376 (vs base 0.3193, p=1.2e-120)  pnl/trade=-0.667% | SL-3%: -1.605%  n=1283
       top 5% conf: hit-rate=0.7285 (vs base 0.3193, p=5.9e-100)  pnl/trade=-0.525% | SL-3%: -1.863%  n=641
    [STACK    | overnight-news test] n=749 base(hit-rate)=0.3712 acc=0.6836 mcc=+0.2923
       top30% conf: hit-rate=0.5893 (vs base 0.3712, p=3.0e-11)  pnl/trade=-0.532% | SL-3%: -1.384%  n=224
       top20% conf: hit-rate=0.6577 (vs base 0.3712, p=1.3e-12)  pnl/trade=-0.565% | SL-3%: -1.759%  n=149
       top10% conf: hit-rate=0.8649 (vs base 0.3712, p=2.2e-18)  pnl/trade=-0.329% | SL-3%: -2.219%  n=74
       top 5% conf: hit-rate=0.8649 (vs base 0.3712, p=7.9e-10)  pnl/trade=-0.609% | SL-3%: -2.354%  n=37

=== HIGH target k=3%  (train hit-rate 0.1933) ===
    [VOL-LR   | all-event test] n=12833 base(hit-rate)=0.2021 acc=0.8093 mcc=+0.2516
       top30% conf: hit-rate=0.3985 (vs base 0.2021, p=1.4e-170)  pnl/trade=-0.642% | SL-3%: -1.065%  n=3849
       top20% conf: hit-rate=0.4489 (vs base 0.2021, p=2.6e-174)  pnl/trade=-0.730% | SL-3%: -1.242%  n=2566
       top10% conf: hit-rate=0.5370 (vs base 0.2021, p=3.0e-154)  pnl/trade=-0.761% | SL-3%: -1.438%  n=1283
       top 5% conf: hit-rate=0.6178 (vs base 0.2021, p=5.7e-116)  pnl/trade=-0.772% | SL-3%: -1.670%  n=641
    [VOL-LR   | overnight-news test] n=749 base(hit-rate)=0.2523 acc=0.8091 mcc=+0.4267
       top30% conf: hit-rate=0.4821 (vs base 0.2523, p=1.1e-13)  pnl/trade=-0.556% | SL-3%: -1.330%  n=224
       top20% conf: hit-rate=0.5638 (vs base 0.2523, p=6.8e-16)  pnl/trade=-0.527% | SL-3%: -1.650%  n=149
       top10% conf: hit-rate=0.7838 (vs base 0.2523, p=1.5e-21)  pnl/trade=-0.085% | SL-3%: -2.038%  n=74
       top 5% conf: hit-rate=0.8649 (vs base 0.2523, p=7.8e-15)  pnl/trade=+0.718% | SL-3%: -2.003%  n=37
    [EB-CNN   | all-event test] n=12833 base(hit-rate)=0.2021 acc=0.7939 mcc=+0.0298
       top30% conf: hit-rate=0.2338 (vs base 0.2021, p=8.3e-07)  pnl/trade=-0.476% | SL-3%: -0.747%  n=3849
       top20% conf: hit-rate=0.2447 (vs base 0.2021, p=8.6e-08)  pnl/trade=-0.487% | SL-3%: -0.790%  n=2566
       top10% conf: hit-rate=0.2814 (vs base 0.2021, p=7.4e-12)  pnl/trade=-0.429% | SL-3%: -0.787%  n=1283
       top 5% conf: hit-rate=0.2964 (vs base 0.2021, p=9.3e-09)  pnl/trade=-0.433% | SL-3%: -0.771%  n=641
    [EB-CNN   | overnight-news test] n=749 base(hit-rate)=0.2523 acc=0.7490 mcc=+0.0605
       top30% conf: hit-rate=0.3795 (vs base 0.2523, p=1.8e-05)  pnl/trade=-0.018% | SL-3%: -0.812%  n=224
       top20% conf: hit-rate=0.4161 (vs base 0.2523, p=9.1e-06)  pnl/trade=+0.027% | SL-3%: -0.942%  n=149
       top10% conf: hit-rate=0.4730 (vs base 0.2523, p=3.4e-05)  pnl/trade=+0.080% | SL-3%: -1.331%  n=74
       top 5% conf: hit-rate=0.4595 (vs base 0.2523, p=5.0e-03)  pnl/trade=+0.632% | SL-3%: -1.259%  n=37
    [STACK    | all-event test] n=12833 base(hit-rate)=0.2021 acc=0.7993 mcc=+0.0786
       top30% conf: hit-rate=0.3619 (vs base 0.2021, p=2.3e-116)  pnl/trade=-0.628% | SL-3%: -1.018%  n=3849
       top20% conf: hit-rate=0.4127 (vs base 0.2021, p=4.5e-130)  pnl/trade=-0.670% | SL-3%: -1.155%  n=2566
       top10% conf: hit-rate=0.5082 (vs base 0.2021, p=1.0e-130)  pnl/trade=-0.661% | SL-3%: -1.318%  n=1283
       top 5% conf: hit-rate=0.6131 (vs base 0.2021, p=1.4e-113)  pnl/trade=-0.609% | SL-3%: -1.558%  n=641
    [STACK    | overnight-news test] n=749 base(hit-rate)=0.2523 acc=0.7637 mcc=+0.2149
       top30% conf: hit-rate=0.4777 (vs base 0.2523, p=3.1e-13)  pnl/trade=-0.406% | SL-3%: -1.241%  n=224
       top20% conf: hit-rate=0.5772 (vs base 0.2523, p=4.3e-17)  pnl/trade=-0.390% | SL-3%: -1.509%  n=149
       top10% conf: hit-rate=0.8108 (vs base 0.2523, p=1.1e-23)  pnl/trade=+0.220% | SL-3%: -1.966%  n=74
       top 5% conf: hit-rate=0.8649 (vs base 0.2523, p=7.8e-15)  pnl/trade=+0.344% | SL-3%: -2.327%  n=37

=== HIGH target k=5%  (train hit-rate 0.0921) ===
    [VOL-LR   | all-event test] n=12833 base(hit-rate)=0.1047 acc=0.8984 mcc=+0.2301
       top30% conf: hit-rate=0.2395 (vs base 0.1047, p=2.3e-126)  pnl/trade=-0.632% | SL-3%: -0.940%  n=3849
       top20% conf: hit-rate=0.2923 (vs base 0.1047, p=2.1e-151)  pnl/trade=-0.703% | SL-3%: -1.041%  n=2566
       top10% conf: hit-rate=0.3866 (vs base 0.1047, p=1.7e-154)  pnl/trade=-0.698% | SL-3%: -1.130%  n=1283
       top 5% conf: hit-rate=0.4867 (vs base 0.1047, p=6.1e-131)  pnl/trade=-0.656% | SL-3%: -1.317%  n=641
    [VOL-LR   | overnight-news test] n=749 base(hit-rate)=0.1549 acc=0.8798 mcc=+0.4493
       top30% conf: hit-rate=0.3482 (vs base 0.1549, p=8.9e-13)  pnl/trade=-0.509% | SL-3%: -1.161%  n=224
       top20% conf: hit-rate=0.4430 (vs base 0.1549, p=6.8e-17)  pnl/trade=-0.484% | SL-3%: -1.366%  n=149
       top10% conf: hit-rate=0.7027 (vs base 0.1549, p=7.4e-26)  pnl/trade=+0.552% | SL-3%: -1.602%  n=74
       top 5% conf: hit-rate=0.7297 (vs base 0.1549, p=9.3e-15)  pnl/trade=-0.316% | SL-3%: -1.725%  n=37
    [EB-CNN   | all-event test] n=12833 base(hit-rate)=0.1047 acc=0.8953 mcc=+0.0000
       top30% conf: hit-rate=0.1338 (vs base 0.1047, p=7.0e-09)  pnl/trade=-0.483% | SL-3%: -0.677%  n=3849
       top20% conf: hit-rate=0.1399 (vs base 0.1047, p=1.4e-08)  pnl/trade=-0.473% | SL-3%: -0.692%  n=2566
       top10% conf: hit-rate=0.1528 (vs base 0.1047, p=6.4e-08)  pnl/trade=-0.437% | SL-3%: -0.700%  n=1283
       top 5% conf: hit-rate=0.1903 (vs base 0.1047, p=7.5e-11)  pnl/trade=-0.381% | SL-3%: -0.741%  n=641
    [EB-CNN   | overnight-news test] n=749 base(hit-rate)=0.1549 acc=0.8451 mcc=+0.0000
       top30% conf: hit-rate=0.2321 (vs base 0.1549, p=1.6e-03)  pnl/trade=-0.220% | SL-3%: -0.773%  n=224
       top20% conf: hit-rate=0.2819 (vs base 0.1549, p=5.8e-05)  pnl/trade=+0.045% | SL-3%: -0.690%  n=149
       top10% conf: hit-rate=0.3649 (vs base 0.1549, p=8.3e-06)  pnl/trade=+0.848% | SL-3%: -0.662%  n=74
       top 5% conf: hit-rate=0.4324 (vs base 0.1549, p=5.3e-05)  pnl/trade=+1.216% | SL-3%: -0.449%  n=37
    [STACK    | all-event test] n=12833 base(hit-rate)=0.1047 acc=0.8942 mcc=+0.0309
       top30% conf: hit-rate=0.2398 (vs base 0.1047, p=8.7e-127)  pnl/trade=-0.616% | SL-3%: -0.926%  n=3849
       top20% conf: hit-rate=0.2884 (vs base 0.1047, p=5.7e-146)  pnl/trade=-0.732% | SL-3%: -1.042%  n=2566
       top10% conf: hit-rate=0.3780 (vs base 0.1047, p=1.6e-146)  pnl/trade=-0.720% | SL-3%: -1.130%  n=1283
       top 5% conf: hit-rate=0.4805 (vs base 0.1047, p=2.5e-127)  pnl/trade=-0.606% | SL-3%: -1.307%  n=641
    [STACK    | overnight-news test] n=749 base(hit-rate)=0.1549 acc=0.8465 mcc=+0.0897
       top30% conf: hit-rate=0.3616 (vs base 0.1549, p=3.2e-14)  pnl/trade=-0.396% | SL-3%: -1.047%  n=224
       top20% conf: hit-rate=0.4430 (vs base 0.1549, p=6.8e-17)  pnl/trade=-0.312% | SL-3%: -1.275%  n=149
       top10% conf: hit-rate=0.7027 (vs base 0.1549, p=7.4e-26)  pnl/trade=+0.506% | SL-3%: -1.494%  n=74
       top 5% conf: hit-rate=0.7297 (vs base 0.1549, p=9.3e-15)  pnl/trade=-0.143% | SL-3%: -1.941%  n=37
