C:\Users\user\AppData\Local\Python\pythoncore-3.14-64\Lib\site-packages\requests\__init__.py:113: RequestsDependencyWarning: urllib3 (2.6.3) or chardet (7.2.0)/charset_normalizer (3.4.4) doesn't match a supported version!
  warnings.warn(
KRX 로그인 실패: KRX_ID 또는 KRX_PW 환경 변수가 설정되지 않았습니다.
626 tickers, 20150101->20260618
  50/626 (11s)
  100/626 (23s)
  150/626 (34s)
  200/626 (45s)
  250/626 (57s)
  300/626 (68s)
  350/626 (79s)
  400/626 (90s)
  450/626 (101s)
  500/626 (112s)
  550/626 (123s)
  600/626 (135s)
saved D:\Github\homeserver\deeplearningforevent\artifacts\kr_ohlcv_ext.parquet rows=1641906 tickers=626 range=2015-01-02 00:00:00..2026-06-18 00:00:00
Error occurred in get_market_cap_by_date: Expecting value: line 1 column 1 (char 0)
Error occurred in get_market_cap_by_date: Expecting value: line 1 column 1 (char 0)
Error occurred in get_market_cap_by_date: Expecting value: line 1 column 1 (char 0)
Error occurred in get_market_cap_by_date: Expecting value: line 1 column 1 (char 0)
Error occurred in get_market_cap_by_date: Expecting value: line 1 column 1 (char 0)
Error occurred in get_market_cap_by_date: Expecting value: line 1 column 1 (char 0)
Error occurred in get_market_cap_by_date: Expecting value: line 1 column 1 (char 0)
Error occurred in get_market_cap_by_date: Expecting value: line 1 column 1 (char 0)
Error occurred in get_market_cap_by_date: Expecting value: line 1 column 1 (char 0)
Error occurred in get_market_cap_by_date: Expecting value: line 1 column 1 (char 0)
Error occurred in get_market_cap_by_date: Expecting value: line 1 column 1 (char 0)
Error occurred in get_market_cap_by_date: Expecting value: line 1 column 1 (char 0)
Error occurred in get_market_cap_by_date: Expecting value: line 1 column 1 (char 0)
Error occurred in get_market_cap_by_date: Expecting value: line 1 column 1 (char 0)
Error occurred in get_market_cap_by_date: Expecting value: line 1 column 1 (char 0)
Error occurred in get_market_cap_by_date: Expecting value: line 1 column 1 (char 0)
Error occurred in get_market_cap_by_date: Expecting value: line 1 column 1 (char 0)
Error occurred in get_market_cap_by_date: Expecting value: line 1 column 1 (char 0)
Error occurred in get_market_cap_by_date: Expecting value: line 1 column 1 (char 0)
Error occurred in get_market_cap_by_date: Expecting value: line 1 column 1 (char 0)
Error occurred in get_market_cap_by_date: Expecting value: line 1 column 1 (char 0)
Error occurred in get_market_cap_by_date: Expecting value: line 1 column 1 (char 0)
Error occurred in get_market_cap_by_date: Expecting value: line 1 column 1 (char 0)
Error occurred in get_market_cap_by_date: Expecting value: line 1 column 1 (char 0)
Error occurred in get_market_cap_by_date: Expecting value: line 1 column 1 (char 0)
Error occurred in get_market_cap_by_date: Expecting value: line 1 column 1 (char 0)
Error occurred in get_market_cap_by_date: Expecting value: line 1 column 1 (char 0)
Error occurred in get_market_cap_by_date: Expecting value: line 1 column 1 (char 0)
Error occurred in get_market_cap_by_date: Expecting value: line 1 column 1 (char 0)
Error occurred in get_market_cap_by_date: Expecting value: line 1 column 1 (char 0)
Error occurred in get_market_cap_by_date: Expecting value: line 1 column 1 (char 0)
Error occurred in get_market_cap_by_date: Expecting value: line 1 column 1 (char 0)
Error occurred in get_market_cap_by_date: Expecting value: line 1 column 1 (char 0)
Error occurred in get_market_cap_by_date: Expecting value: line 1 column 1 (char 0)
Error occurred in get_market_cap_by_date: Expecting value: line 1 column 1 (char 0)
Error occurred in get_market_cap_by_date: Expecting value: line 1 column 1 (char 0)
Error occurred in get_market_cap_by_date: Expecting value: line 1 column 1 (char 0)
Error occurred in get_market_cap_by_date: Expecting value: line 1 column 1 (char 0)
Error occurred in get_market_cap_by_date: Expecting value: line 1 column 1 (char 0)
Error occurred in get_market_cap_by_date: Expecting value: line 1 column 1 (char 0)
Error occurred in get_market_cap_by_date: Expecting value: line 1 column 1 (char 0)
Error occurred in get_market_cap_by_date: Expecting value: line 1 column 1 (char 0)
Error occurred in get_market_cap_by_date: Expecting value: line 1 column 1 (char 0)
Error occurred in get_market_cap_by_date: Expecting value: line 1 column 1 (char 0)
Error occurred in get_market_cap_by_date: Expecting value: line 1 column 1 (char 0)
Error occurred in get_market_cap_by_date: Expecting value: line 1 column 1 (char 0)
Error occurred in get_market_cap_by_date: Expecting value: line 1 column 1 (char 0)
Error occurred in get_market_cap_by_date: Expecting value: line 1 column 1 (char 0)
Error occurred in get_market_cap_by_date: Expecting value: line 1 column 1 (char 0)
Error occurred in get_market_cap_by_date: Expecting value: line 1 column 1 (char 0)
Error occurred in get_market_cap_by_date: Expecting value: line 1 column 1 (char 0)
Error occurred in get_market_cap_by_date: Expecting value: line 1 column 1 (char 0)
Error occurred in get_market_cap_by_date: Expecting value: line 1 column 1 (char 0)
Error occurred in get_market_cap_by_date: Expecting value: line 1 column 1 (char 0)
Error occurred in get_market_cap_by_date: Expecting value: line 1 column 1 (char 0)
Error occurred in get_market_cap_by_date: Expecting value: line 1 column 1 (char 0)
Error occurred in get_market_cap_by_date: Expecting value: line 1 column 1 (char 0)
Error occurred in get_market_cap_by_date: Expecting value: line 1 column 1 (char 0)
Error occurred in get_market_cap_by_date: Expecting value: line 1 column 1 (char 0)
Error occurred in get_market_cap_by_date: Expecting value: line 1 column 1 (char 0)
Error occurred in get_market_cap_by_date: Expecting value: line 1 column 1 (char 0)
Error occurred in get_market_cap_by_date: Expecting value: line 1 column 1 (char 0)
Error occurred in get_market_cap_by_date: Expecting value: line 1 column 1 (char 0)
Error occurred in get_market_cap_by_date: Expecting value: line 1 column 1 (char 0)
Error occurred in get_market_cap_by_date: Expecting value: line 1 column 1 (char 0)
Error occurred in get_market_cap_by_date: Expecting value: line 1 column 1 (char 0)
Error occurred in get_market_cap_by_date: Expecting value: line 1 column 1 (char 0)
Error occurred in get_market_cap_by_date: Expecting value: line 1 column 1 (char 0)
Error occurred in get_market_cap_by_date: Expecting value: line 1 column 1 (char 0)
Error occurred in get_market_cap_by_date: Expecting value: line 1 column 1 (char 0)
Error occurred in get_market_cap_by_date: Expecting value: line 1 column 1 (char 0)
Error occurred in get_market_cap_by_date: Expecting value: line 1 column 1 (char 0)
Error occurred in get_market_cap_by_date: Expecting value: line 1 column 1 (char 0)
Error occurred in get_market_cap_by_date: Expecting value: line 1 column 1 (char 0)
Error occurred in get_market_cap_by_date: Expecting value: line 1 column 1 (char 0)
Error occurred in get_market_cap_by_date: Expecting value: line 1 column 1 (char 0)
Error occurred in get_market_cap_by_date: Expecting value: line 1 column 1 (char 0)
Error occurred in get_market_cap_by_date: Expecting value: line 1 column 1 (char 0)
Error occurred in get_market_cap_by_date: Expecting value: line 1 column 1 (char 0)
Error occurred in get_market_cap_by_date: Expecting value: line 1 column 1 (char 0)
Error occurred in get_market_cap_by_date: Expecting value: line 1 column 1 (char 0)
Error occurred in get_market_cap_by_date: Expecting value: line 1 column 1 (char 0)
Error occurred in get_market_cap_by_date: Expecting value: line 1 column 1 (char 0)
Error occurred in get_market_cap_by_date: Expecting value: line 1 column 1 (char 0)
Error occurred in get_market_cap_by_date: Expecting value: line 1 column 1 (char 0)
Error occurred in get_market_cap_by_date: Expecting value: line 1 column 1 (char 0)
Error occurred in get_market_cap_by_date: Expecting value: line 1 column 1 (char 0)
Error occurred in get_market_cap_by_date: Expecting value: line 1 column 1 (char 0)
Error occurred in get_market_cap_by_date: Expecting value: line 1 column 1 (char 0)
Error occurred in get_market_cap_by_date: Expecting value: line 1 column 1 (char 0)
Error occurred in get_market_cap_by_date: Expecting value: line 1 column 1 (char 0)
Error occurred in get_market_cap_by_date: Expecting value: line 1 column 1 (char 0)
Error occurred in get_market_cap_by_date: Expecting value: line 1 column 1 (char 0)
Error occurred in get_market_cap_by_date: Expecting value: line 1 column 1 (char 0)
Error occurred in get_market_cap_by_date: Expecting value: line 1 column 1 (char 0)
Error occurred in get_market_cap_by_date: Expecting value: line 1 column 1 (char 0)
Error occurred in get_market_cap_by_date: Expecting value: line 1 column 1 (char 0)
Error occurred in get_market_cap_by_date: Expecting value: line 1 column 1 (char 0)
Error occurred in get_market_cap_by_date: Expecting value: line 1 column 1 (char 0)
Error occurred in get_market_cap_by_date: Expecting value: line 1 column 1 (char 0)
Error occurred in get_market_cap_by_date: Expecting value: line 1 column 1 (char 0)
Error occurred in get_market_cap_by_date: Expecting value: line 1 column 1 (char 0)
Error occurred in get_market_cap_by_date: Expecting value: line 1 column 1 (char 0)
Error occurred in get_market_cap_by_date: Expecting value: line 1 column 1 (char 0)
Error occurred in get_market_cap_by_date: Expecting value: line 1 column 1 (char 0)
Error occurred in get_market_cap_by_date: Expecting value: line 1 column 1 (char 0)
Error occurred in get_market_cap_by_date: Expecting value: line 1 column 1 (char 0)
Error occurred in get_market_cap_by_date: Expecting value: line 1 column 1 (char 0)
Error occurred in get_market_cap_by_date: Expecting value: line 1 column 1 (char 0)
Error occurred in get_market_cap_by_date: Expecting value: line 1 column 1 (char 0)
Error occurred in get_market_cap_by_date: Expecting value: line 1 column 1 (char 0)
Error occurred in get_market_cap_by_date: Expecting value: line 1 column 1 (char 0)
Error occurred in get_market_cap_by_date: Expecting value: line 1 column 1 (char 0)
Error occurred in get_market_cap_by_date: Expecting value: line 1 column 1 (char 0)
Error occurred in get_market_cap_by_date: Expecting value: line 1 column 1 (char 0)
Error occurred in get_market_cap_by_date: Expecting value: line 1 column 1 (char 0)
Error occurred in get_market_cap_by_date: Expecting value: line 1 column 1 (char 0)
Error occurred in get_market_cap_by_date: Expecting value: line 1 column 1 (char 0)
Error occurred in get_market_cap_by_date: Expecting value: line 1 column 1 (char 0)
Error occurred in get_market_cap_by_date: Expecting value: line 1 column 1 (char 0)
Error occurred in get_market_cap_by_date: Expecting value: line 1 column 1 (char 0)
Error occurred in get_market_cap_by_date: Expecting value: line 1 column 1 (char 0)
Error occurred in get_market_cap_by_date: Expecting value: line 1 column 1 (char 0)
Error occurred in get_market_cap_by_date: Expecting value: line 1 column 1 (char 0)
Error occurred in get_market_cap_by_date: Expecting value: line 1 column 1 (char 0)
Error occurred in get_market_cap_by_date: Expecting value: line 1 column 1 (char 0)
Error occurred in get_market_cap_by_date: Expecting value: line 1 column 1 (char 0)
Error occurred in get_market_cap_by_date: Expecting value: line 1 column 1 (char 0)
Error occurred in get_market_cap_by_date: Expecting value: line 1 column 1 (char 0)
Error occurred in get_market_cap_by_date: Expecting value: line 1 column 1 (char 0)
Error occurred in get_market_cap_by_date: Expecting value: line 1 column 1 (char 0)
Error occurred in get_market_cap_by_date: Expecting value: line 1 column 1 (char 0)
Error occurred in get_market_cap_by_date: Expecting value: line 1 column 1 (char 0)
Error occurred in get_market_cap_by_date: Expecting value: line 1 column 1 (char 0)
Error occurred in get_market_cap_by_date: Expecting value: line 1 column 1 (char 0)
Error occurred in get_market_cap_by_date: Expecting value: line 1 column 1 (char 0)
Error occurred in get_market_cap_by_date: Expecting value: line 1 column 1 (char 0)
Error occurred in get_market_cap_by_date: Expecting value: line 1 column 1 (char 0)
Error occurred in get_market_cap_by_date: Expecting value: line 1 column 1 (char 0)
Error occurred in get_market_cap_by_date: Expecting value: line 1 column 1 (char 0)
Error occurred in get_market_cap_by_date: Expecting value: line 1 column 1 (char 0)
Error occurred in get_market_cap_by_date: Expecting value: line 1 column 1 (char 0)
Error occurred in get_market_cap_by_date: Expecting value: line 1 column 1 (char 0)
Error occurred in get_market_cap_by_date: Expecting value: line 1 column 1 (char 0)
Error occurred in get_market_cap_by_date: Expecting value: line 1 column 1 (char 0)
Error occurred in get_market_cap_by_date: Expecting value: line 1 column 1 (char 0)
Error occurred in get_market_cap_by_date: Expecting value: line 1 column 1 (char 0)
Error occurred in get_market_cap_by_date: Expecting value: line 1 column 1 (char 0)
Error occurred in get_market_cap_by_date: Expecting value: line 1 column 1 (char 0)
Error occurred in get_market_cap_by_date: Expecting value: line 1 column 1 (char 0)
Error occurred in get_market_cap_by_date: Expecting value: line 1 column 1 (char 0)
Error occurred in get_market_cap_by_date: Expecting value: line 1 column 1 (char 0)
Error occurred in get_market_cap_by_date: Expecting value: line 1 column 1 (char 0)
Error occurred in get_market_cap_by_date: Expecting value: line 1 column 1 (char 0)
Error occurred in get_market_cap_by_date: Expecting value: line 1 column 1 (char 0)
Error occurred in get_market_cap_by_date: Expecting value: line 1 column 1 (char 0)
Error occurred in get_market_cap_by_date: Expecting value: line 1 column 1 (char 0)
Error occurred in get_market_cap_by_date: Expecting value: line 1 column 1 (char 0)
Error occurred in get_market_cap_by_date: Expecting value: line 1 column 1 (char 0)
Error occurred in get_market_cap_by_date: Expecting value: line 1 column 1 (char 0)
Error occurred in get_market_cap_by_date: Expecting value: line 1 column 1 (char 0)
Error occurred in get_market_cap_by_date: Expecting value: line 1 column 1 (char 0)
Error occurred in get_market_cap_by_date: Expecting value: line 1 column 1 (char 0)
Error occurred in get_market_cap_by_date: Expecting value: line 1 column 1 (char 0)
Error occurred in get_market_cap_by_date: Expecting value: line 1 column 1 (char 0)
Error occurred in get_market_cap_by_date: Expecting value: line 1 column 1 (char 0)
Error occurred in get_market_cap_by_date: Expecting value: line 1 column 1 (char 0)
Error occurred in get_market_cap_by_date: Expecting value: line 1 column 1 (char 0)
Error occurred in get_market_cap_by_date: Expecting value: line 1 column 1 (char 0)
Error occurred in get_market_cap_by_date: Expecting value: line 1 column 1 (char 0)
Error occurred in get_market_cap_by_date: Expecting value: line 1 column 1 (char 0)
Error occurred in get_market_cap_by_date: Expecting value: line 1 column 1 (char 0)
Error occurred in get_market_cap_by_date: Expecting value: line 1 column 1 (char 0)
Error occurred in get_market_cap_by_date: Expecting value: line 1 column 1 (char 0)
Error occurred in get_market_cap_by_date: Expecting value: line 1 column 1 (char 0)
Error occurred in get_market_cap_by_date: Expecting value: line 1 column 1 (char 0)
Error occurred in get_market_cap_by_date: Expecting value: line 1 column 1 (char 0)
Error occurred in get_market_cap_by_date: Expecting value: line 1 column 1 (char 0)
Error occurred in get_market_cap_by_date: Expecting value: line 1 column 1 (char 0)
Error occurred in get_market_cap_by_date: Expecting value: line 1 column 1 (char 0)
Error occurred in get_market_cap_by_date: Expecting value: line 1 column 1 (char 0)
Error occurred in get_market_cap_by_date: Expecting value: line 1 column 1 (char 0)
Error occurred in get_market_cap_by_date: Expecting value: line 1 column 1 (char 0)
Error occurred in get_market_cap_by_date: Expecting value: line 1 column 1 (char 0)
Error occurred in get_market_cap_by_date: Expecting value: line 1 column 1 (char 0)
Error occurred in get_market_cap_by_date: Expecting value: line 1 column 1 (char 0)
Error occurred in get_market_cap_by_date: Expecting value: line 1 column 1 (char 0)
Error occurred in get_market_cap_by_date: Expecting value: line 1 column 1 (char 0)
Error occurred in get_market_cap_by_date: Expecting value: line 1 column 1 (char 0)
Error occurred in get_market_cap_by_date: Expecting value: line 1 column 1 (char 0)
Error occurred in get_market_cap_by_date: Expecting value: line 1 column 1 (char 0)
Error occurred in get_market_cap_by_date: Expecting value: line 1 column 1 (char 0)
Error occurred in get_market_cap_by_date: Expecting value: line 1 column 1 (char 0)
Error occurred in get_market_cap_by_date: Expecting value: line 1 column 1 (char 0)
Error occurred in get_market_cap_by_date: Expecting value: line 1 column 1 (char 0)
Error occurred in get_market_cap_by_date: Expecting value: line 1 column 1 (char 0)
Error occurred in get_market_cap_by_date: Expecting value: line 1 column 1 (char 0)
Error occurred in get_market_cap_by_date: Expecting value: line 1 column 1 (char 0)
Error occurred in get_market_cap_by_date: Expecting value: line 1 column 1 (char 0)
Error occurred in get_market_cap_by_date: Expecting value: line 1 column 1 (char 0)
Error occurred in get_market_cap_by_date: Expecting value: line 1 column 1 (char 0)
Error occurred in get_market_cap_by_date: Expecting value: line 1 column 1 (char 0)
Error occurred in get_market_cap_by_date: Expecting value: line 1 column 1 (char 0)
Error occurred in get_market_cap_by_date: Expecting value: line 1 column 1 (char 0)
Error occurred in get_market_cap_by_date: Expecting value: line 1 column 1 (char 0)
Error occurred in get_market_cap_by_date: Expecting value: line 1 column 1 (char 0)
Error occurred in get_market_cap_by_date: Expecting value: line 1 column 1 (char 0)
Error occurred in get_market_cap_by_date: Expecting value: line 1 column 1 (char 0)
Error occurred in get_market_cap_by_date: Expecting value: line 1 column 1 (char 0)
Error occurred in get_market_cap_by_date: Expecting value: line 1 column 1 (char 0)
Error occurred in get_market_cap_by_date: Expecting value: line 1 column 1 (char 0)
Error occurred in get_market_cap_by_date: Expecting value: line 1 column 1 (char 0)
Error occurred in get_market_cap_by_date: Expecting value: line 1 column 1 (char 0)
Error occurred in get_market_cap_by_date: Expecting value: line 1 column 1 (char 0)
Error occurred in get_market_cap_by_date: Expecting value: line 1 column 1 (char 0)
Error occurred in get_market_cap_by_date: Expecting value: line 1 column 1 (char 0)
Error occurred in get_market_cap_by_date: Expecting value: line 1 column 1 (char 0)
Error occurred in get_market_cap_by_date: Expecting value: line 1 column 1 (char 0)
Error occurred in get_market_cap_by_date: Expecting value: line 1 column 1 (char 0)
Error occurred in get_market_cap_by_date: Expecting value: line 1 column 1 (char 0)
Error occurred in get_market_cap_by_date: Expecting value: line 1 column 1 (char 0)
Error occurred in get_market_cap_by_date: Expecting value: line 1 column 1 (char 0)
Error occurred in get_market_cap_by_date: Expecting value: line 1 column 1 (char 0)
Error occurred in get_market_cap_by_date: Expecting value: line 1 column 1 (char 0)
Error occurred in get_market_cap_by_date: Expecting value: line 1 column 1 (char 0)
Error occurred in get_market_cap_by_date: Expecting value: line 1 column 1 (char 0)
Error occurred in get_market_cap_by_date: Expecting value: line 1 column 1 (char 0)
Error occurred in get_market_cap_by_date: Expecting value: line 1 column 1 (char 0)
Error occurred in get_market_cap_by_date: Expecting value: line 1 column 1 (char 0)
Error occurred in get_market_cap_by_date: Expecting value: line 1 column 1 (char 0)
Error occurred in get_market_cap_by_date: Expecting value: line 1 column 1 (char 0)
Error occurred in get_market_cap_by_date: Expecting value: line 1 column 1 (char 0)
Error occurred in get_market_cap_by_date: Expecting value: line 1 column 1 (char 0)
Error occurred in get_market_cap_by_date: Expecting value: line 1 column 1 (char 0)
Error occurred in get_market_cap_by_date: Expecting value: line 1 column 1 (char 0)
Error occurred in get_market_cap_by_date: Expecting value: line 1 column 1 (char 0)
Error occurred in get_market_cap_by_date: Expecting value: line 1 column 1 (char 0)
Error occurred in get_market_cap_by_date: Expecting value: line 1 column 1 (char 0)
Error occurred in get_market_cap_by_date: Expecting value: line 1 column 1 (char 0)
Error occurred in get_market_cap_by_date: Expecting value: line 1 column 1 (char 0)
Error occurred in get_market_cap_by_date: Expecting value: line 1 column 1 (char 0)
Error occurred in get_market_cap_by_date: Expecting value: line 1 column 1 (char 0)
Error occurred in get_market_cap_by_date: Expecting value: line 1 column 1 (char 0)
Error occurred in get_market_cap_by_date: Expecting value: line 1 column 1 (char 0)
Error occurred in get_market_cap_by_date: Expecting value: line 1 column 1 (char 0)
Error occurred in get_market_cap_by_date: Expecting value: line 1 column 1 (char 0)
Error occurred in get_market_cap_by_date: Expecting value: line 1 column 1 (char 0)
Error occurred in get_market_cap_by_date: Expecting value: line 1 column 1 (char 0)
Error occurred in get_market_cap_by_date: Expecting value: line 1 column 1 (char 0)
Error occurred in get_market_cap_by_date: Expecting value: line 1 column 1 (char 0)
Error occurred in get_market_cap_by_date: Expecting value: line 1 column 1 (char 0)
Error occurred in get_market_cap_by_date: Expecting value: line 1 column 1 (char 0)
Error occurred in get_market_cap_by_date: Expecting value: line 1 column 1 (char 0)
Error occurred in get_market_cap_by_date: Expecting value: line 1 column 1 (char 0)
Error occurred in get_market_cap_by_date: Expecting value: line 1 column 1 (char 0)
Error occurred in get_market_cap_by_date: Expecting value: line 1 column 1 (char 0)
