scored rows=753893 tickers=626 range 2021-06-01..2026-06-18  (0s)
consistency: top-1 (no filter) TP-touch rate 0.547 (s48 reported 0.547) n=1113  (1s)

=== TUNE 2021-11-29..2024-06-01 (grid, sorted by Sharpe) ===
  EOD k=1 floor=0.80 gap<=0.02 -> Sharpe=+0.08 CAGR=-28.1% n=615 hit=0.476 EV=+0.03%
  EOD k=1 floor=0.65 gap<=0.02 -> Sharpe=+0.05 CAGR=-30.5% n=617 hit=0.475 EV=+0.02%
  EOD k=1 floor=0.50 gap<=0.02 -> Sharpe=+0.05 CAGR=-30.5% n=617 hit=0.475 EV=+0.02%
  EOD k=1 floor=0.00 gap<=0.02 -> Sharpe=+0.05 CAGR=-30.5% n=617 hit=0.475 EV=+0.02%
  EOD k=3 floor=0.80 gap<=0.02 -> Sharpe=-0.18 CAGR=-19.9% n=1811 hit=0.419 EV=-0.04%
   NO k=1 floor=0.80 gap<=0.02 -> Sharpe=-0.22 CAGR=-49.2% n=615 hit=0.476 EV=-0.08%
   NO k=1 floor=0.65 gap<=0.02 -> Sharpe=-0.24 CAGR=-50.3% n=617 hit=0.475 EV=-0.09%
   NO k=1 floor=0.50 gap<=0.02 -> Sharpe=-0.24 CAGR=-50.3% n=617 hit=0.475 EV=-0.09%

FROZEN config: exit=EOD k=1 floor=0.8 gap<=0.02

=== VALIDATION 2024-06-01..2026-06-18 (frozen) ===
[VAL frozen] n=495 hit=0.491 EV/trade=-0.11% E[net|miss]=-4.74% | CAGR=-49.9% Sharpe=-0.29 MDD=-84.6% final=0.243 worstDay=-30.80%
[VAL cost 0.60%] n=495 hit=0.491 EV/trade=-0.41% E[net|miss]=-5.04% | CAGR=-75.8% Sharpe=-1.10 MDD=-96.2% final=0.055 worstDay=-31.10%
[VAL strict tick fill] n=495 hit=0.469 EV/trade=-0.22% E[net|miss]=-4.56% | CAGR=-61.8% Sharpe=-0.60 MDD=-91.2% final=0.139 worstDay=-30.80%
[VAL deploy 1/3 (risk-capped)] n=495 hit=0.491 EV/trade=-0.11% E[net|miss]=-4.74% | CAGR=-12.4% Sharpe=-0.29 MDD=-38.3% final=0.762 worstDay=-10.27%
[VAL a-priori k3/0.65/gap2%/EOD] n=1488 hit=0.437 EV/trade=-0.25% E[net|miss]=-4.10% | CAGR=-53.1% Sharpe=-1.18 MDD=-83.8% final=0.213 worstDay=-14.35%

--- VAL neighbours (overfit check) ---
[VAL k=1 EOD] n=495 hit=0.491 EV/trade=-0.11% E[net|miss]=-4.74% | CAGR=-49.9% Sharpe=-0.29 MDD=-84.6% final=0.243 worstDay=-30.80%
[VAL k=1 NO] n=495 hit=0.491 EV/trade=-0.17% E[net|miss]=-4.86% | CAGR=-59.0% Sharpe=-0.43 MDD=-91.8% final=0.161 worstDay=-37.47%
[VAL k=1 EOD] n=495 hit=0.491 EV/trade=-0.11% E[net|miss]=-4.74% | CAGR=-49.9% Sharpe=-0.29 MDD=-84.6% final=0.243 worstDay=-30.80%
[VAL k=1 NO] n=495 hit=0.491 EV/trade=-0.17% E[net|miss]=-4.86% | CAGR=-59.0% Sharpe=-0.43 MDD=-91.8% final=0.161 worstDay=-37.47%
[VAL k=2 EOD] n=988 hit=0.468 EV/trade=-0.21% E[net|miss]=-4.52% | CAGR=-51.8% Sharpe=-0.78 MDD=-84.3% final=0.225 worstDay=-18.38%
[VAL k=2 NO] n=988 hit=0.468 EV/trade=-0.17% E[net|miss]=-4.44% | CAGR=-47.9% Sharpe=-0.58 MDD=-80.0% final=0.263 worstDay=-24.21%

VAL EV/trade 95% CI: [-0.61%, +0.39%]  (point -0.11%)
VAL Sharpe 95% CI: [-1.61, +1.14]
VAL quarterly mean net/trade: 2024Q2:-0.81%(19) | 2024Q3:-0.81%(62) | 2024Q4:+0.43%(60) | 2025Q1:-0.22%(58) | 2025Q2:-0.22%(60) | 2025Q3:+0.14%(65) | 2025Q4:-0.56%(59) | 2026Q1:+0.69%(59) | 2026Q2:-0.08%(53)

--- VAL slices ---
   gap<-2%: n= 241 hit=0.519 EV=+0.26%
    -2..0%: n= 162 hit=0.494 EV=-0.00%
     0..2%: n=  92 hit=0.413 EV=-1.25%
  score   (0.8, 0.9]: n= 113 hit=0.425 EV=+0.14%
  score  (0.9, 1.01]: n= 382 hit=0.510 EV=-0.18%
  miss-day net quantiles 5/25/50/75/95: -14.3%/-7.0%/-3.8%/-1.5%/+1.6%

[VAL restricted to 65-ticker 5-min subset] n=250 hit=0.340 EV/trade=-0.23% E[net|miss]=-2.76% | CAGR=-35.6% Sharpe=-0.70 MDD=-75.1% final=0.407 worstDay=-27.55%
s52 done  (9s)
