link 2076685 rows  events 516764  ohlcv 1641906 rows 626 tickers  (2s)
buckets  session 91215  overnight 108012  daily 155700  (7s)
samples 1632036  has_session 5.5%  has_overnight 6.4%  has_any 44.5%  (40s)
train 339962 dev 67696 test 318693 test_gap_up=0.4560  (41s)

===== V1_session  (tradable=True)  dim=300 =====
  [ALL] DIR n=318693 base=0.5440 acc=0.5444 mcc=+0.0244
     conf top 50%: n=159353 acc=0.5593 mcc=+0.0096 base=0.5594
     conf top 20%: n=63762 acc=0.5657 mcc=+0.0147 base=0.5657
     conf top 10%: n=31877 acc=0.5662 mcc=+0.0143 base=0.5668
     conf top 5%: n=15940 acc=0.5671 mcc=+0.0126 base=0.5691
  [ALL] SIZE n=318693 IC(spearman)=+0.0169 pearson=+0.0001 dir_acc=0.4628
     conf top 50%: n=160884 mean|gap|=0.89% dir_acc=0.4687 ic=+0.0189
     conf top 20%: n=63740 mean|gap|=0.93% dir_acc=0.4914 ic=+0.0156
     conf top 10%: n=31870 mean|gap|=0.95% dir_acc=0.4994 ic=+0.0023
     conf top 5%: n=15935 mean|gap|=0.96% dir_acc=0.5020 ic=-0.0039
  [OVERNIGHT-present] DIR n=47547 base=0.5071 acc=0.5039 mcc=+0.0221
     conf top 50%: n=23774 acc=0.5037 mcc=+0.0092 base=0.5019
     conf top 20%: n=9510 acc=0.5250 mcc=+0.0281 base=0.5213
     conf top 10%: n=4755 acc=0.5396 mcc=+0.0380 base=0.5350
     conf top 5%: n=2378 acc=0.5421 mcc=+0.0226 base=0.5416
  [OVERNIGHT-present] SIZE n=47547 IC(spearman)=+0.0231 pearson=+0.0005 dir_acc=0.5160
     conf top 50%: n=23774 mean|gap|=1.04% dir_acc=0.5195 ic=+0.0001
     conf top 20%: n=9510 mean|gap|=1.08% dir_acc=0.5165 ic=+0.0011
     conf top 10%: n=4755 mean|gap|=1.08% dir_acc=0.5163 ic=+0.0106
     conf top 5%: n=2378 mean|gap|=0.98% dir_acc=0.5139 ic=+0.0057

===== V2_overnight  (tradable=False)  dim=300 =====
  [ALL] DIR n=318693 base=0.5440 acc=0.5475 mcc=+0.0376
     conf top 50%: n=159355 acc=0.5625 mcc=+0.0054 base=0.5627
     conf top 20%: n=63760 acc=0.5682 mcc=+0.0014 base=0.5689
     conf top 10%: n=31870 acc=0.5717 mcc=-0.0005 base=0.5731
     conf top 5%: n=15935 acc=0.5677 mcc=-0.0026 base=0.5706
  [ALL] SIZE n=318693 IC(spearman)=+0.0232 pearson=+0.0001 dir_acc=0.4696
     conf top 50%: n=159347 mean|gap|=0.89% dir_acc=0.4730 ic=+0.0406
     conf top 20%: n=63739 mean|gap|=0.97% dir_acc=0.5052 ic=+0.0514
     conf top 10%: n=31870 mean|gap|=1.02% dir_acc=0.5212 ic=+0.0387
     conf top 5%: n=15935 mean|gap|=1.03% dir_acc=0.5268 ic=+0.0255
  [OVERNIGHT-present] DIR n=47547 base=0.5071 acc=0.5178 mcc=+0.0413
     conf top 50%: n=23774 acc=0.5260 mcc=+0.0517 base=0.5084
     conf top 20%: n=9510 acc=0.5381 mcc=+0.0427 base=0.5315
     conf top 10%: n=4755 acc=0.5373 mcc=+0.0280 base=0.5348
     conf top 5%: n=2378 acc=0.5332 mcc=+0.0214 base=0.5320
  [OVERNIGHT-present] SIZE n=47547 IC(spearman)=+0.0433 pearson=+0.0002 dir_acc=0.5152
     conf top 50%: n=23774 mean|gap|=1.10% dir_acc=0.5227 ic=+0.0129
     conf top 20%: n=9510 mean|gap|=1.08% dir_acc=0.5204 ic=+0.0034
     conf top 10%: n=4755 mean|gap|=1.02% dir_acc=0.5138 ic=-0.0073
     conf top 5%: n=2378 mean|gap|=0.94% dir_acc=0.5059 ic=+0.0064

===== V3_split  (tradable=False)  dim=400 =====
  [ALL] DIR n=318693 base=0.5440 acc=0.5475 mcc=+0.0370
     conf top 50%: n=159347 acc=0.5610 mcc=+0.0047 base=0.5611
     conf top 20%: n=63739 acc=0.5652 mcc=+0.0004 base=0.5656
     conf top 10%: n=31874 acc=0.5690 mcc=+0.0038 base=0.5694
     conf top 5%: n=15935 acc=0.5667 mcc=+0.0057 base=0.5674
  [ALL] SIZE n=318693 IC(spearman)=+0.0167 pearson=-0.0002 dir_acc=0.4834
     conf top 50%: n=159369 mean|gap|=0.87% dir_acc=0.4990 ic=+0.0259
     conf top 20%: n=63740 mean|gap|=0.91% dir_acc=0.5139 ic=+0.0273
     conf top 10%: n=31870 mean|gap|=0.93% dir_acc=0.5125 ic=+0.0175
     conf top 5%: n=15935 mean|gap|=0.91% dir_acc=0.5052 ic=+0.0115
  [OVERNIGHT-present] DIR n=47547 base=0.5071 acc=0.5169 mcc=+0.0413
     conf top 50%: n=23774 acc=0.5276 mcc=+0.0497 base=0.5136
     conf top 20%: n=9510 acc=0.5402 mcc=+0.0384 base=0.5353
     conf top 10%: n=4755 acc=0.5396 mcc=+0.0040 base=0.5426
     conf top 5%: n=2378 acc=0.5505 mcc=+0.0212 base=0.5500
  [OVERNIGHT-present] SIZE n=47547 IC(spearman)=+0.0265 pearson=+0.0012 dir_acc=0.5152
     conf top 50%: n=23774 mean|gap|=1.05% dir_acc=0.5206 ic=+0.0139
     conf top 20%: n=9510 mean|gap|=1.00% dir_acc=0.5129 ic=+0.0082
     conf top 10%: n=4755 mean|gap|=0.99% dir_acc=0.5150 ic=+0.0127
     conf top 5%: n=2378 mean|gap|=0.93% dir_acc=0.5252 ic=+0.0301
saved artifacts/s54_kr_gap.json  (61s)
